// Jest Snapshot v1, https://goo.gl/fbAQLP

exports[`fetches films 1`] = `
<RCTScrollView
  ListHeaderComponent={[Function]}
  data={
    Array [
      Object {
        "episodeID": 4,
        "id": "ZmlsbXM6MQ==",
        "releaseDate": "1977-05-25",
        "title": "A New Hope",
      },
      Object {
        "episodeID": 5,
        "id": "ZmlsbXM6Mg==",
        "releaseDate": "1980-05-17",
        "title": "The Empire Strikes Back",
      },
      Object {
        "episodeID": 6,
        "id": "ZmlsbXM6Mw==",
        "releaseDate": "1983-05-25",
        "title": "Return of the Jedi",
      },
      Object {
        "episodeID": 1,
        "id": "ZmlsbXM6NA==",
        "releaseDate": "1999-05-19",
        "title": "The Phantom Menace",
      },
      Object {
        "episodeID": 2,
        "id": "ZmlsbXM6NQ==",
        "releaseDate": "2002-05-16",
        "title": "Attack of the Clones",
      },
      Object {
        "episodeID": 3,
        "id": "ZmlsbXM6Ng==",
        "releaseDate": "2005-05-19",
        "title": "Revenge of the Sith",
      },
    ]
  }
  getItem={[Function]}
  getItemCount={[Function]}
  keyExtractor={[Function]}
  onContentSizeChange={[Function]}
  onLayout={[Function]}
  onMomentumScrollBegin={[Function]}
  onMomentumScrollEnd={[Function]}
  onScroll={[Function]}
  onScrollBeginDrag={[Function]}
  onScrollEndDrag={[Function]}
  removeClippedSubviews={false}
  renderItem={[Function]}
  scrollEventThrottle={50}
  stickyHeaderIndices={Array []}
  style={
    Array [
      Object {
        "backgroundColor": "white",
        "paddingBottom": 10,
        "paddingLeft": 10,
        "paddingRight": 10,
        "paddingTop": 10,
      },
    ]
  }
  viewabilityConfigCallbackPairs={Array []}
>
  <View>
    <View
      onLayout={[Function]}
    >
      <View>
        <View
          accessible={true}
          collapsable={false}
          focusable={true}
          nativeID="animatedComponent"
          onClick={[Function]}
          onResponderGrant={[Function]}
          onResponderMove={[Function]}
          onResponderRelease={[Function]}
          onResponderTerminate={[Function]}
          onResponderTerminationRequest={[Function]}
          onStartShouldSetResponder={[Function]}
          style={
            Object {
              "opacity": 1,
            }
          }
          testID="toggle-sorting-button"
        >
          <View
            style={
              Array [
                Object {
                  "borderRadius": 1,
                  "flexDirection": "row",
                  "paddingBottom": 10,
                  "paddingLeft": 0,
                  "paddingRight": 10,
                  "paddingTop": 10,
                },
              ]
            }
          >
            <View
              style={
                Array [
                  Object {
                    "borderRadius": 1,
                    "marginLeft": -8,
                    "marginRight": -8,
                    "marginTop": -8,
                    "shadowColor": "#0339c9",
                    "shadowOffset": Object {
                      "height": 0,
                      "width": 0,
                    },
                    "shadowOpacity": 1,
                    "shadowRadius": 12,
                  },
                ]
              }
            >
              <SvgMock />
            </View>
            <Text
              style={
                Array [
                  Object {
                    "color": "#817156",
                    "fontFamily": "Star Jedi Rounded",
                    "fontSize": 18,
                    "fontStyle": "normal",
                    "fontWeight": "normal",
                    "lineHeight": 16,
                    "paddingBottom": 10,
                    "paddingLeft": 10,
                    "paddingRight": 10,
                    "paddingTop": 10,
                  },
                ]
              }
            >
              1977
              ...
              2005
            </Text>
          </View>
        </View>
      </View>
    </View>
    <View
      onLayout={[Function]}
      style={null}
    >
      <View
        accessible={true}
        collapsable={false}
        focusable={true}
        nativeID="animatedComponent"
        onClick={[Function]}
        onResponderGrant={[Function]}
        onResponderMove={[Function]}
        onResponderRelease={[Function]}
        onResponderTerminate={[Function]}
        onResponderTerminationRequest={[Function]}
        onStartShouldSetResponder={[Function]}
        style={
          Object {
            "backgroundColor": "#f5ed17",
            "borderColor": "#0339c9",
            "borderRadius": 1,
            "borderStyle": "solid",
            "borderWidth": 1,
            "flexDirection": "row",
            "marginBottom": 15,
            "opacity": 1,
            "shadowColor": "#000000",
            "shadowOffset": Object {
              "height": 0,
              "width": 0,
            },
            "shadowOpacity": 1,
            "shadowRadius": 3,
          }
        }
      >
        <Text
          style={
            Array [
              Object {
                "color": "#817156",
                "fontFamily": "Star Jedi Rounded",
                "fontSize": 22,
                "fontStyle": "normal",
                "fontWeight": "normal",
                "lineHeight": 18,
                "paddingBottom": 10,
                "paddingLeft": 10,
                "paddingRight": 10,
                "paddingTop": 10,
              },
            ]
          }
        >
          4
        </Text>
        <View>
          <Text
            style={
              Array [
                Object {
                  "color": "#010103",
                  "fontFamily": "Star Jedi Rounded",
                  "fontSize": 20,
                  "fontStyle": "normal",
                  "fontWeight": "normal",
                  "lineHeight": 18,
                  "paddingBottom": 0,
                  "paddingLeft": 10,
                  "paddingRight": 10,
                  "paddingTop": 10,
                },
              ]
            }
          >
            A New Hope
          </Text>
          <Text
            style={
              Array [
                Object {
                  "color": "#010103",
                  "fontFamily": "SerifGothic LT",
                  "fontSize": 16,
                  "fontStyle": "normal",
                  "fontWeight": "normal",
                  "lineHeight": 14,
                  "paddingLeft": 10,
                  "paddingTop": 3,
                },
              ]
            }
          >
            1977
          </Text>
        </View>
      </View>
    </View>
    <View
      onLayout={[Function]}
      style={null}
    >
      <View
        accessible={true}
        collapsable={false}
        focusable={true}
        nativeID="animatedComponent"
        onClick={[Function]}
        onResponderGrant={[Function]}
        onResponderMove={[Function]}
        onResponderRelease={[Function]}
        onResponderTerminate={[Function]}
        onResponderTerminationRequest={[Function]}
        onStartShouldSetResponder={[Function]}
        style={
          Object {
            "backgroundColor": "#f5ed17",
            "borderColor": "#0339c9",
            "borderRadius": 1,
            "borderStyle": "solid",
            "borderWidth": 1,
            "flexDirection": "row",
            "marginBottom": 15,
            "opacity": 1,
            "shadowColor": "#000000",
            "shadowOffset": Object {
              "height": 0,
              "width": 0,
            },
            "shadowOpacity": 1,
            "shadowRadius": 3,
          }
        }
      >
        <Text
          style={
            Array [
              Object {
                "color": "#817156",
                "fontFamily": "Star Jedi Rounded",
                "fontSize": 22,
                "fontStyle": "normal",
                "fontWeight": "normal",
                "lineHeight": 18,
                "paddingBottom": 10,
                "paddingLeft": 10,
                "paddingRight": 10,
                "paddingTop": 10,
              },
            ]
          }
        >
          5
        </Text>
        <View>
          <Text
            style={
              Array [
                Object {
                  "color": "#010103",
                  "fontFamily": "Star Jedi Rounded",
                  "fontSize": 20,
                  "fontStyle": "normal",
                  "fontWeight": "normal",
                  "lineHeight": 18,
                  "paddingBottom": 0,
                  "paddingLeft": 10,
                  "paddingRight": 10,
                  "paddingTop": 10,
                },
              ]
            }
          >
            The Empire Strikes Back
          </Text>
          <Text
            style={
              Array [
                Object {
                  "color": "#010103",
                  "fontFamily": "SerifGothic LT",
                  "fontSize": 16,
                  "fontStyle": "normal",
                  "fontWeight": "normal",
                  "lineHeight": 14,
                  "paddingLeft": 10,
                  "paddingTop": 3,
                },
              ]
            }
          >
            1980
          </Text>
        </View>
      </View>
    </View>
    <View
      onLayout={[Function]}
      style={null}
    >
      <View
        accessible={true}
        collapsable={false}
        focusable={true}
        nativeID="animatedComponent"
        onClick={[Function]}
        onResponderGrant={[Function]}
        onResponderMove={[Function]}
        onResponderRelease={[Function]}
        onResponderTerminate={[Function]}
        onResponderTerminationRequest={[Function]}
        onStartShouldSetResponder={[Function]}
        style={
          Object {
            "backgroundColor": "#f5ed17",
            "borderColor": "#0339c9",
            "borderRadius": 1,
            "borderStyle": "solid",
            "borderWidth": 1,
            "flexDirection": "row",
            "marginBottom": 15,
            "opacity": 1,
            "shadowColor": "#000000",
            "shadowOffset": Object {
              "height": 0,
              "width": 0,
            },
            "shadowOpacity": 1,
            "shadowRadius": 3,
          }
        }
      >
        <Text
          style={
            Array [
              Object {
                "color": "#817156",
                "fontFamily": "Star Jedi Rounded",
                "fontSize": 22,
                "fontStyle": "normal",
                "fontWeight": "normal",
                "lineHeight": 18,
                "paddingBottom": 10,
                "paddingLeft": 10,
                "paddingRight": 10,
                "paddingTop": 10,
              },
            ]
          }
        >
          6
        </Text>
        <View>
          <Text
            style={
              Array [
                Object {
                  "color": "#010103",
                  "fontFamily": "Star Jedi Rounded",
                  "fontSize": 20,
                  "fontStyle": "normal",
                  "fontWeight": "normal",
                  "lineHeight": 18,
                  "paddingBottom": 0,
                  "paddingLeft": 10,
                  "paddingRight": 10,
                  "paddingTop": 10,
                },
              ]
            }
          >
            Return of the Jedi
          </Text>
          <Text
            style={
              Array [
                Object {
                  "color": "#010103",
                  "fontFamily": "SerifGothic LT",
                  "fontSize": 16,
                  "fontStyle": "normal",
                  "fontWeight": "normal",
                  "lineHeight": 14,
                  "paddingLeft": 10,
                  "paddingTop": 3,
                },
              ]
            }
          >
            1983
          </Text>
        </View>
      </View>
    </View>
    <View
      onLayout={[Function]}
      style={null}
    >
      <View
        accessible={true}
        collapsable={false}
        focusable={true}
        nativeID="animatedComponent"
        onClick={[Function]}
        onResponderGrant={[Function]}
        onResponderMove={[Function]}
        onResponderRelease={[Function]}
        onResponderTerminate={[Function]}
        onResponderTerminationRequest={[Function]}
        onStartShouldSetResponder={[Function]}
        style={
          Object {
            "backgroundColor": "#f5ed17",
            "borderColor": "#0339c9",
            "borderRadius": 1,
            "borderStyle": "solid",
            "borderWidth": 1,
            "flexDirection": "row",
            "marginBottom": 15,
            "opacity": 1,
            "shadowColor": "#000000",
            "shadowOffset": Object {
              "height": 0,
              "width": 0,
            },
            "shadowOpacity": 1,
            "shadowRadius": 3,
          }
        }
      >
        <Text
          style={
            Array [
              Object {
                "color": "#817156",
                "fontFamily": "Star Jedi Rounded",
                "fontSize": 22,
                "fontStyle": "normal",
                "fontWeight": "normal",
                "lineHeight": 18,
                "paddingBottom": 10,
                "paddingLeft": 10,
                "paddingRight": 10,
                "paddingTop": 10,
              },
            ]
          }
        >
          1
        </Text>
        <View>
          <Text
            style={
              Array [
                Object {
                  "color": "#010103",
                  "fontFamily": "Star Jedi Rounded",
                  "fontSize": 20,
                  "fontStyle": "normal",
                  "fontWeight": "normal",
                  "lineHeight": 18,
                  "paddingBottom": 0,
                  "paddingLeft": 10,
                  "paddingRight": 10,
                  "paddingTop": 10,
                },
              ]
            }
          >
            The Phantom Menace
          </Text>
          <Text
            style={
              Array [
                Object {
                  "color": "#010103",
                  "fontFamily": "SerifGothic LT",
                  "fontSize": 16,
                  "fontStyle": "normal",
                  "fontWeight": "normal",
                  "lineHeight": 14,
                  "paddingLeft": 10,
                  "paddingTop": 3,
                },
              ]
            }
          >
            1999
          </Text>
        </View>
      </View>
    </View>
    <View
      onLayout={[Function]}
      style={null}
    >
      <View
        accessible={true}
        collapsable={false}
        focusable={true}
        nativeID="animatedComponent"
        onClick={[Function]}
        onResponderGrant={[Function]}
        onResponderMove={[Function]}
        onResponderRelease={[Function]}
        onResponderTerminate={[Function]}
        onResponderTerminationRequest={[Function]}
        onStartShouldSetResponder={[Function]}
        style={
          Object {
            "backgroundColor": "#f5ed17",
            "borderColor": "#0339c9",
            "borderRadius": 1,
            "borderStyle": "solid",
            "borderWidth": 1,
            "flexDirection": "row",
            "marginBottom": 15,
            "opacity": 1,
            "shadowColor": "#000000",
            "shadowOffset": Object {
              "height": 0,
              "width": 0,
            },
            "shadowOpacity": 1,
            "shadowRadius": 3,
          }
        }
      >
        <Text
          style={
            Array [
              Object {
                "color": "#817156",
                "fontFamily": "Star Jedi Rounded",
                "fontSize": 22,
                "fontStyle": "normal",
                "fontWeight": "normal",
                "lineHeight": 18,
                "paddingBottom": 10,
                "paddingLeft": 10,
                "paddingRight": 10,
                "paddingTop": 10,
              },
            ]
          }
        >
          2
        </Text>
        <View>
          <Text
            style={
              Array [
                Object {
                  "color": "#010103",
                  "fontFamily": "Star Jedi Rounded",
                  "fontSize": 20,
                  "fontStyle": "normal",
                  "fontWeight": "normal",
                  "lineHeight": 18,
                  "paddingBottom": 0,
                  "paddingLeft": 10,
                  "paddingRight": 10,
                  "paddingTop": 10,
                },
              ]
            }
          >
            Attack of the Clones
          </Text>
          <Text
            style={
              Array [
                Object {
                  "color": "#010103",
                  "fontFamily": "SerifGothic LT",
                  "fontSize": 16,
                  "fontStyle": "normal",
                  "fontWeight": "normal",
                  "lineHeight": 14,
                  "paddingLeft": 10,
                  "paddingTop": 3,
                },
              ]
            }
          >
            2002
          </Text>
        </View>
      </View>
    </View>
    <View
      onLayout={[Function]}
      style={null}
    >
      <View
        accessible={true}
        collapsable={false}
        focusable={true}
        nativeID="animatedComponent"
        onClick={[Function]}
        onResponderGrant={[Function]}
        onResponderMove={[Function]}
        onResponderRelease={[Function]}
        onResponderTerminate={[Function]}
        onResponderTerminationRequest={[Function]}
        onStartShouldSetResponder={[Function]}
        style={
          Object {
            "backgroundColor": "#f5ed17",
            "borderColor": "#0339c9",
            "borderRadius": 1,
            "borderStyle": "solid",
            "borderWidth": 1,
            "flexDirection": "row",
            "marginBottom": 15,
            "opacity": 1,
            "shadowColor": "#000000",
            "shadowOffset": Object {
              "height": 0,
              "width": 0,
            },
            "shadowOpacity": 1,
            "shadowRadius": 3,
          }
        }
      >
        <Text
          style={
            Array [
              Object {
                "color": "#817156",
                "fontFamily": "Star Jedi Rounded",
                "fontSize": 22,
                "fontStyle": "normal",
                "fontWeight": "normal",
                "lineHeight": 18,
                "paddingBottom": 10,
                "paddingLeft": 10,
                "paddingRight": 10,
                "paddingTop": 10,
              },
            ]
          }
        >
          3
        </Text>
        <View>
          <Text
            style={
              Array [
                Object {
                  "color": "#010103",
                  "fontFamily": "Star Jedi Rounded",
                  "fontSize": 20,
                  "fontStyle": "normal",
                  "fontWeight": "normal",
                  "lineHeight": 18,
                  "paddingBottom": 0,
                  "paddingLeft": 10,
                  "paddingRight": 10,
                  "paddingTop": 10,
                },
              ]
            }
          >
            Revenge of the Sith
          </Text>
          <Text
            style={
              Array [
                Object {
                  "color": "#010103",
                  "fontFamily": "SerifGothic LT",
                  "fontSize": 16,
                  "fontStyle": "normal",
                  "fontWeight": "normal",
                  "lineHeight": 14,
                  "paddingLeft": 10,
                  "paddingTop": 3,
                },
              ]
            }
          >
            2005
          </Text>
        </View>
      </View>
    </View>
  </View>
</RCTScrollView>
`;
